MPLINK 5.08, LINKER
Linker Map File - Created Thu Oct 25 21:15:29 2018

                                 Section Info
                  Section       Type    Address   Location Size(Bytes)
                ---------  ---------  ---------  ---------  ---------
                 RST_CODE       code   0x000000    program   0x000004
                   .cinit    romdata   0x000004    program   0x000002
                 PRG_CODE       code   0x000020    program   0x0000f2
.config_300001_BUILD/DEFAULT/PRODUCTION/MAIN.O    romdata   0x300001    program   0x000001
.config_300002_BUILD/DEFAULT/PRODUCTION/MAIN.O    romdata   0x300002    program   0x000001
.config_300003_BUILD/DEFAULT/PRODUCTION/MAIN.O    romdata   0x300003    program   0x000001
.config_300005_BUILD/DEFAULT/PRODUCTION/MAIN.O    romdata   0x300005    program   0x000001
.config_300006_BUILD/DEFAULT/PRODUCTION/MAIN.O    romdata   0x300006    program   0x000001
              Zone_udata1      udata   0x000060       data   0x000008
              Zone_udata2      udata   0x000080       data   0x00000e



                              Program Memory Usage 
                               Start         End      
                           ---------   ---------      
                            0x000000    0x000005      
                            0x000020    0x000111      
                            0x300001    0x300003      
                            0x300005    0x300006      
            253 out of 66584 program addresses used, program memory utilization is 0%



                              Symbols - Sorted by Name
                     Name    Address   Location    Storage File                     
                ---------  ---------  ---------  --------- ---------                
     AdditionnerExposants   0x0000bc    program     static C:\Users\labop2\Downloads\ArchitectureTravail2-master\travail2.X\main.asm
  DeterminerSigneResultat   0x000104    program     static C:\Users\labop2\Downloads\ArchitectureTravail2-master\travail2.X\main.asm
      EcrireResultatFinal   0x000112    program     static C:\Users\labop2\Downloads\ArchitectureTravail2-master\travail2.X\main.asm
  ExtraireExposantNombreA   0x000074    program     static C:\Users\labop2\Downloads\ArchitectureTravail2-master\travail2.X\main.asm
  ExtraireExposantNombreB   0x00009c    program     static C:\Users\labop2\Downloads\ArchitectureTravail2-master\travail2.X\main.asm
  ExtraireFractionNombreA   0x00008a    program     static C:\Users\labop2\Downloads\ArchitectureTravail2-master\travail2.X\main.asm
  ExtraireFractionNombreB   0x0000b2    program     static C:\Users\labop2\Downloads\ArchitectureTravail2-master\travail2.X\main.asm
     ExtraireSigneNombreA   0x00006c    program     static C:\Users\labop2\Downloads\ArchitectureTravail2-master\travail2.X\main.asm
     ExtraireSigneNombreB   0x000094    program     static C:\Users\labop2\Downloads\ArchitectureTravail2-master\travail2.X\main.asm
 InitialiserVariablesAEtB   0x000024    program     static C:\Users\labop2\Downloads\ArchitectureTravail2-master\travail2.X\main.asm
InitialiserVariablesAZero   0x000048    program     static C:\Users\labop2\Downloads\ArchitectureTravail2-master\travail2.X\main.asm
      MultiplierFractions   0x0000c8    program     static C:\Users\labop2\Downloads\ArchitectureTravail2-master\travail2.X\main.asm
     NormaliserLeResultat   0x0000d0    program     static C:\Users\labop2\Downloads\ArchitectureTravail2-master\travail2.X\main.asm
                    Start   0x000020    program     static C:\Users\labop2\Downloads\ArchitectureTravail2-master\travail2.X\main.asm
               A_exposant   0x000081       data     static C:\Users\labop2\Downloads\ArchitectureTravail2-master\travail2.X\main.asm
               A_fraction   0x000082       data     static C:\Users\labop2\Downloads\ArchitectureTravail2-master\travail2.X\main.asm
                 A_octet0   0x000063       data     static C:\Users\labop2\Downloads\ArchitectureTravail2-master\travail2.X\main.asm
                 A_octet1   0x000062       data     static C:\Users\labop2\Downloads\ArchitectureTravail2-master\travail2.X\main.asm
                 A_octet2   0x000061       data     static C:\Users\labop2\Downloads\ArchitectureTravail2-master\travail2.X\main.asm
                 A_octet3   0x000060       data     static C:\Users\labop2\Downloads\ArchitectureTravail2-master\travail2.X\main.asm
                  A_signe   0x000080       data     static C:\Users\labop2\Downloads\ArchitectureTravail2-master\travail2.X\main.asm
               B_exposant   0x000084       data     static C:\Users\labop2\Downloads\ArchitectureTravail2-master\travail2.X\main.asm
               B_fraction   0x000085       data     static C:\Users\labop2\Downloads\ArchitectureTravail2-master\travail2.X\main.asm
                 B_octet0   0x000067       data     static C:\Users\labop2\Downloads\ArchitectureTravail2-master\travail2.X\main.asm
                 B_octet1   0x000066       data     static C:\Users\labop2\Downloads\ArchitectureTravail2-master\travail2.X\main.asm
                 B_octet2   0x000065       data     static C:\Users\labop2\Downloads\ArchitectureTravail2-master\travail2.X\main.asm
                 B_octet3   0x000064       data     static C:\Users\labop2\Downloads\ArchitectureTravail2-master\travail2.X\main.asm
                  B_signe   0x000083       data     static C:\Users\labop2\Downloads\ArchitectureTravail2-master\travail2.X\main.asm
          Resultat_octet0   0x00008d       data     static C:\Users\labop2\Downloads\ArchitectureTravail2-master\travail2.X\main.asm
          Resultat_octet1   0x00008c       data     static C:\Users\labop2\Downloads\ArchitectureTravail2-master\travail2.X\main.asm
          Resultat_octet2   0x00008b       data     static C:\Users\labop2\Downloads\ArchitectureTravail2-master\travail2.X\main.asm
          Resultat_octet3   0x00008a       data     static C:\Users\labop2\Downloads\ArchitectureTravail2-master\travail2.X\main.asm
        Temporaire_octet0   0x000089       data     static C:\Users\labop2\Downloads\ArchitectureTravail2-master\travail2.X\main.asm
        Temporaire_octet1   0x000088       data     static C:\Users\labop2\Downloads\ArchitectureTravail2-master\travail2.X\main.asm
        Temporaire_octet2   0x000087       data     static C:\Users\labop2\Downloads\ArchitectureTravail2-master\travail2.X\main.asm
        Temporaire_octet3   0x000086       data     static C:\Users\labop2\Downloads\ArchitectureTravail2-master\travail2.X\main.asm



                              Symbols - Sorted by Address
                     Name    Address   Location    Storage File                     
                ---------  ---------  ---------  --------- ---------                
                    Start   0x000020    program     static C:\Users\labop2\Downloads\ArchitectureTravail2-master\travail2.X\main.asm
 InitialiserVariablesAEtB   0x000024    program     static C:\Users\labop2\Downloads\ArchitectureTravail2-master\travail2.X\main.asm
InitialiserVariablesAZero   0x000048    program     static C:\Users\labop2\Downloads\ArchitectureTravail2-master\travail2.X\main.asm
     ExtraireSigneNombreA   0x00006c    program     static C:\Users\labop2\Downloads\ArchitectureTravail2-master\travail2.X\main.asm
  ExtraireExposantNombreA   0x000074    program     static C:\Users\labop2\Downloads\ArchitectureTravail2-master\travail2.X\main.asm
  ExtraireFractionNombreA   0x00008a    program     static C:\Users\labop2\Downloads\ArchitectureTravail2-master\travail2.X\main.asm
     ExtraireSigneNombreB   0x000094    program     static C:\Users\labop2\Downloads\ArchitectureTravail2-master\travail2.X\main.asm
  ExtraireExposantNombreB   0x00009c    program     static C:\Users\labop2\Downloads\ArchitectureTravail2-master\travail2.X\main.asm
  ExtraireFractionNombreB   0x0000b2    program     static C:\Users\labop2\Downloads\ArchitectureTravail2-master\travail2.X\main.asm
     AdditionnerExposants   0x0000bc    program     static C:\Users\labop2\Downloads\ArchitectureTravail2-master\travail2.X\main.asm
      MultiplierFractions   0x0000c8    program     static C:\Users\labop2\Downloads\ArchitectureTravail2-master\travail2.X\main.asm
     NormaliserLeResultat   0x0000d0    program     static C:\Users\labop2\Downloads\ArchitectureTravail2-master\travail2.X\main.asm
  DeterminerSigneResultat   0x000104    program     static C:\Users\labop2\Downloads\ArchitectureTravail2-master\travail2.X\main.asm
      EcrireResultatFinal   0x000112    program     static C:\Users\labop2\Downloads\ArchitectureTravail2-master\travail2.X\main.asm
                 A_octet3   0x000060       data     static C:\Users\labop2\Downloads\ArchitectureTravail2-master\travail2.X\main.asm
                 A_octet2   0x000061       data     static C:\Users\labop2\Downloads\ArchitectureTravail2-master\travail2.X\main.asm
                 A_octet1   0x000062       data     static C:\Users\labop2\Downloads\ArchitectureTravail2-master\travail2.X\main.asm
                 A_octet0   0x000063       data     static C:\Users\labop2\Downloads\ArchitectureTravail2-master\travail2.X\main.asm
                 B_octet3   0x000064       data     static C:\Users\labop2\Downloads\ArchitectureTravail2-master\travail2.X\main.asm
                 B_octet2   0x000065       data     static C:\Users\labop2\Downloads\ArchitectureTravail2-master\travail2.X\main.asm
                 B_octet1   0x000066       data     static C:\Users\labop2\Downloads\ArchitectureTravail2-master\travail2.X\main.asm
                 B_octet0   0x000067       data     static C:\Users\labop2\Downloads\ArchitectureTravail2-master\travail2.X\main.asm
                  A_signe   0x000080       data     static C:\Users\labop2\Downloads\ArchitectureTravail2-master\travail2.X\main.asm
               A_exposant   0x000081       data     static C:\Users\labop2\Downloads\ArchitectureTravail2-master\travail2.X\main.asm
               A_fraction   0x000082       data     static C:\Users\labop2\Downloads\ArchitectureTravail2-master\travail2.X\main.asm
                  B_signe   0x000083       data     static C:\Users\labop2\Downloads\ArchitectureTravail2-master\travail2.X\main.asm
               B_exposant   0x000084       data     static C:\Users\labop2\Downloads\ArchitectureTravail2-master\travail2.X\main.asm
               B_fraction   0x000085       data     static C:\Users\labop2\Downloads\ArchitectureTravail2-master\travail2.X\main.asm
        Temporaire_octet3   0x000086       data     static C:\Users\labop2\Downloads\ArchitectureTravail2-master\travail2.X\main.asm
        Temporaire_octet2   0x000087       data     static C:\Users\labop2\Downloads\ArchitectureTravail2-master\travail2.X\main.asm
        Temporaire_octet1   0x000088       data     static C:\Users\labop2\Downloads\ArchitectureTravail2-master\travail2.X\main.asm
        Temporaire_octet0   0x000089       data     static C:\Users\labop2\Downloads\ArchitectureTravail2-master\travail2.X\main.asm
          Resultat_octet3   0x00008a       data     static C:\Users\labop2\Downloads\ArchitectureTravail2-master\travail2.X\main.asm
          Resultat_octet2   0x00008b       data     static C:\Users\labop2\Downloads\ArchitectureTravail2-master\travail2.X\main.asm
          Resultat_octet1   0x00008c       data     static C:\Users\labop2\Downloads\ArchitectureTravail2-master\travail2.X\main.asm
          Resultat_octet0   0x00008d       data     static C:\Users\labop2\Downloads\ArchitectureTravail2-master\travail2.X\main.asm


